$ tensorboard --logdir ./summary_data
...
TypeError: MessageToJson() got an unexpected keyword argument 'including_default_value_fields'
$ pip install tensorboard==2.12.0
-ref: https://blog.csdn.net/llf000000/article/details/137336232

1. 5th_trial에서 만든 모델 폴더인 models_data > models_data_05로 이름 변경
2. tensorboard 그래프 따로따로 보기 위해서...
summary_data 폴더 이름을 "summary_data_~05"로 변경

$ python3 train.py --image_path ./data --metadata_path ./data/dataset_train.txt --num_epochs 400 --model_save_step 25
$ tensorboard --logdir ./summary_data
$ python3 test.py --image_path ./data --metadata_path ./data/dataset_test.txt